2026-05-14 04:37:47 [INFO    ] blink: Low blink rate notification: 4.0/min
2026-05-14 04:37:47 [INFO    ] blink: Low blink rate notification: 4.0/min
2026-05-14 04:37:47 [INFO    ] blink: BlinkMonitor reset
2026-05-14 04:37:47 [INFO    ] blink: EAR calibration started
2026-05-14 04:37:47 [INFO    ] blink: Calibration done. mean EAR=0.300 → threshold=0.225
2026-05-14 04:37:47 [INFO    ] blink: EAR calibration started
2026-05-14 04:37:47 [WARNING ] blink: Not enough calibration frames — using default threshold
2026-05-14 04:37:59 [INFO    ] blink: MainWindow initialised
2026-05-14 04:38:00 [INFO    ] blink: EAR calibration started
2026-05-14 04:41:37 [INFO    ] blink: MainWindow initialised
2026-05-14 04:41:38 [INFO    ] blink: EAR calibration started
2026-05-14 04:42:31 [INFO    ] blink: MainWindow initialised
2026-05-14 04:42:32 [INFO    ] blink: EAR calibration started
2026-05-14 04:42:49 [INFO    ] blink: MainWindow initialised
2026-05-14 04:42:50 [INFO    ] blink: EAR calibration started
2026-05-14 04:43:03 [INFO    ] blink: MainWindow initialised
2026-05-14 04:43:04 [INFO    ] blink: EAR calibration started
2026-05-14 04:44:27 [INFO    ] blink: MainWindow initialised
2026-05-14 04:44:28 [INFO    ] blink: EAR calibration started
2026-05-14 04:44:53 [INFO    ] blink: MainWindow initialised
2026-05-14 04:44:54 [INFO    ] blink: EAR calibration started
2026-05-14 04:45:38 [INFO    ] blink: MainWindow initialised
2026-05-14 04:45:38 [INFO    ] blink: EAR calibration started
2026-05-14 04:46:50 [INFO    ] blink: MainWindow initialised
2026-05-14 04:46:51 [INFO    ] blink: EAR calibration started
2026-05-14 04:47:11 [INFO    ] blink: MainWindow initialised
2026-05-14 04:47:11 [INFO    ] blink: EAR calibration started
2026-05-14 04:47:12 [INFO    ] blink: Camera 0 opened
2026-05-14 04:47:18 [INFO    ] blink: Calibration done. mean EAR=0.426 → threshold=0.320
2026-05-14 04:47:18 [INFO    ] blink: Calibration dialog: threshold=0.320
2026-05-14 04:47:22 [INFO    ] blink: Camera released
2026-05-14 04:47:22 [INFO    ] blink: EAR threshold updated to 0.320
2026-05-14 04:47:36 [INFO    ] blink: MainWindow initialised
2026-05-14 04:47:45 [INFO    ] blink: BlinkMonitor reset
2026-05-14 04:47:45 [INFO    ] blink: Monitoring started
2026-05-14 04:47:45 [INFO    ] blink: Camera 0 opened
2026-05-14 04:48:26 [INFO    ] blink: MainWindow initialised
2026-05-14 04:48:44 [INFO    ] blink: History: no sessions found
2026-05-14 04:48:48 [INFO    ] blink: EAR calibration started
2026-05-14 04:48:48 [INFO    ] blink: Camera 0 opened
2026-05-14 04:48:49 [DEBUG   ] blink: Blink: 70.4 ms, EAR=0.396
2026-05-14 04:48:55 [INFO    ] blink: Calibration done. mean EAR=0.416 → threshold=0.312
2026-05-14 04:48:55 [INFO    ] blink: Calibration dialog: threshold=0.312
2026-05-14 04:49:01 [INFO    ] blink: Camera released
2026-05-14 04:49:01 [INFO    ] blink: EAR threshold updated to 0.312
2026-05-14 04:49:02 [INFO    ] blink: BlinkMonitor reset
2026-05-14 04:49:02 [INFO    ] blink: Monitoring started
2026-05-14 04:49:03 [INFO    ] blink: Camera 0 opened
2026-05-14 04:49:07 [DEBUG   ] blink: Blink: 95.4 ms, EAR=0.342
2026-05-14 04:49:11 [DEBUG   ] blink: Blink: 156.8 ms, EAR=0.325
2026-05-14 04:49:13 [INFO    ] blink: Low blink rate notification: 12.0/min
2026-05-14 04:49:15 [DEBUG   ] blink: Blink: 111.8 ms, EAR=0.347
2026-05-14 04:49:16 [DEBUG   ] blink: Blink: 110.3 ms, EAR=0.355
2026-05-14 04:49:16 [DEBUG   ] blink: Blink: 63.6 ms, EAR=0.341
2026-05-14 04:49:17 [DEBUG   ] blink: Blink: 128.6 ms, EAR=0.339
2026-05-14 04:49:17 [DEBUG   ] blink: Blink: 96.2 ms, EAR=0.359
2026-05-14 04:49:18 [DEBUG   ] blink: Blink: 97.9 ms, EAR=0.340
2026-05-14 04:49:19 [DEBUG   ] blink: Blink: 830.1 ms, EAR=0.334
2026-05-14 04:49:20 [DEBUG   ] blink: Blink: 179.3 ms, EAR=0.318
2026-05-14 04:49:23 [DEBUG   ] blink: Blink: 364.6 ms, EAR=0.332
2026-05-14 04:49:23 [DEBUG   ] blink: Blink: 160.7 ms, EAR=0.319
2026-05-14 04:49:24 [DEBUG   ] blink: Blink: 174.8 ms, EAR=0.346
2026-05-14 04:49:24 [DEBUG   ] blink: Blink: 174.6 ms, EAR=0.316
2026-05-14 04:49:24 [DEBUG   ] blink: Blink: 224.6 ms, EAR=0.351
2026-05-14 04:49:25 [DEBUG   ] blink: Blink: 177.2 ms, EAR=0.326
2026-05-14 04:49:25 [DEBUG   ] blink: Blink: 135.3 ms, EAR=0.328
2026-05-14 04:49:26 [DEBUG   ] blink: Blink: 160.9 ms, EAR=0.344
2026-05-14 04:49:26 [DEBUG   ] blink: Blink: 96.0 ms, EAR=0.326
2026-05-14 04:49:28 [DEBUG   ] blink: Blink: 126.4 ms, EAR=0.344
2026-05-14 04:49:29 [DEBUG   ] blink: Blink: 95.2 ms, EAR=0.326
2026-05-14 04:49:29 [DEBUG   ] blink: Blink: 128.5 ms, EAR=0.314
2026-05-14 04:49:30 [DEBUG   ] blink: Blink: 396.4 ms, EAR=0.316
2026-05-14 04:49:30 [DEBUG   ] blink: Blink: 177.8 ms, EAR=0.337
2026-05-14 04:49:31 [DEBUG   ] blink: Blink: 465.1 ms, EAR=0.323
2026-05-14 04:49:33 [DEBUG   ] blink: Blink: 159.5 ms, EAR=0.323
2026-05-14 04:49:33 [DEBUG   ] blink: Blink: 64.9 ms, EAR=0.313
2026-05-14 04:49:34 [DEBUG   ] blink: Blink: 179.7 ms, EAR=0.342
2026-05-14 04:49:35 [DEBUG   ] blink: Blink: 95.7 ms, EAR=0.333
2026-05-14 04:49:35 [DEBUG   ] blink: Blink: 146.2 ms, EAR=0.326
2026-05-14 04:49:36 [DEBUG   ] blink: Blink: 117.8 ms, EAR=0.374
2026-05-14 04:49:37 [DEBUG   ] blink: Blink: 157.3 ms, EAR=0.326
2026-05-14 04:49:38 [DEBUG   ] blink: Blink: 114.6 ms, EAR=0.315
2026-05-14 04:49:42 [DEBUG   ] blink: Blink: 113.1 ms, EAR=0.467
2026-05-14 04:49:49 [DEBUG   ] blink: Blink: 338.3 ms, EAR=0.315
2026-05-14 04:49:49 [INFO    ] blink: Camera released
2026-05-14 04:49:49 [INFO    ] blink: Session saved to DB
2026-05-14 04:49:49 [INFO    ] blink: Monitoring stopped
2026-05-14 04:49:55 [INFO    ] blink: EAR calibration started
2026-05-14 04:49:55 [INFO    ] blink: Camera 0 opened
2026-05-14 04:50:01 [DEBUG   ] blink: Blink: 62.5 ms, EAR=0.325
2026-05-14 04:50:02 [INFO    ] blink: Calibration done. mean EAR=0.418 → threshold=0.313
2026-05-14 04:50:02 [INFO    ] blink: Calibration dialog: threshold=0.313
2026-05-14 04:50:04 [INFO    ] blink: Camera released
2026-05-14 04:50:04 [INFO    ] blink: EAR threshold updated to 0.313
2026-05-14 04:50:08 [INFO    ] blink: BlinkMonitor reset
2026-05-14 04:50:08 [INFO    ] blink: Monitoring started
2026-05-14 04:50:08 [INFO    ] blink: Camera 0 opened
2026-05-14 04:50:18 [INFO    ] blink: Low blink rate notification: 0.0/min
2026-05-14 04:50:22 [DEBUG   ] blink: Blink: 242.1 ms, EAR=0.319
2026-05-14 04:50:26 [DEBUG   ] blink: Blink: 95.1 ms, EAR=0.332
2026-05-14 04:50:42 [DEBUG   ] blink: Blink: 129.6 ms, EAR=0.327
2026-05-14 04:50:46 [DEBUG   ] blink: Blink: 131.1 ms, EAR=0.350
2026-05-14 04:50:52 [DEBUG   ] blink: Blink: 62.4 ms, EAR=0.336
2026-05-14 04:50:52 [DEBUG   ] blink: Blink: 275.6 ms, EAR=0.332
2026-05-14 04:50:55 [DEBUG   ] blink: Blink: 163.0 ms, EAR=0.325
2026-05-14 04:50:56 [DEBUG   ] blink: Blink: 149.6 ms, EAR=0.314
2026-05-14 04:51:01 [DEBUG   ] blink: Blink: 437.3 ms, EAR=0.314
2026-05-14 04:51:01 [DEBUG   ] blink: Blink: 157.1 ms, EAR=0.315
2026-05-14 04:51:02 [DEBUG   ] blink: Blink: 559.9 ms, EAR=0.317
2026-05-14 04:51:14 [DEBUG   ] blink: Blink: 7004.3 ms, EAR=0.324
2026-05-14 04:51:16 [INFO    ] blink: Camera released
2026-05-14 04:51:17 [INFO    ] blink: Session saved to DB
2026-05-14 04:51:17 [INFO    ] blink: Monitoring stopped
2026-05-14 04:51:18 [INFO    ] blink: History chart drawn with 2 sessions
2026-05-14 04:52:26 [INFO    ] blink: Settings saved
2026-05-14 04:52:26 [INFO    ] blink: Settings applied
2026-05-14 04:52:28 [INFO    ] blink: BlinkMonitor reset
2026-05-14 04:52:28 [INFO    ] blink: Monitoring started
2026-05-14 04:52:28 [INFO    ] blink: Camera 0 opened
2026-05-14 04:52:38 [INFO    ] blink: Low blink rate notification: 0.0/min
2026-05-14 04:52:39 [DEBUG   ] blink: Blink: 126.5 ms, EAR=0.324
2026-05-14 04:52:45 [DEBUG   ] blink: Blink: 135.0 ms, EAR=0.317
2026-05-14 04:52:46 [DEBUG   ] blink: Blink: 207.2 ms, EAR=0.319
2026-05-14 04:52:55 [DEBUG   ] blink: Blink: 97.5 ms, EAR=0.341
2026-05-14 04:52:55 [DEBUG   ] blink: Blink: 66.1 ms, EAR=0.349
2026-05-14 04:52:56 [DEBUG   ] blink: Blink: 60.2 ms, EAR=0.324
2026-05-14 04:52:57 [DEBUG   ] blink: Blink: 59.2 ms, EAR=0.325
2026-05-14 04:52:58 [DEBUG   ] blink: Blink: 98.4 ms, EAR=0.328
2026-05-14 04:52:58 [DEBUG   ] blink: Blink: 242.4 ms, EAR=0.358
2026-05-14 04:53:06 [DEBUG   ] blink: Blink: 64.2 ms, EAR=0.336
2026-05-14 04:53:06 [DEBUG   ] blink: Blink: 161.4 ms, EAR=0.321
2026-05-14 04:53:13 [DEBUG   ] blink: Blink: 97.6 ms, EAR=0.351
2026-05-14 04:53:19 [DEBUG   ] blink: Blink: 206.4 ms, EAR=0.327
2026-05-14 04:53:20 [DEBUG   ] blink: Blink: 130.7 ms, EAR=0.315
2026-05-14 04:53:22 [DEBUG   ] blink: Blink: 1327.1 ms, EAR=0.341
2026-05-14 04:53:25 [DEBUG   ] blink: Blink: 172.3 ms, EAR=0.341
2026-05-14 04:53:31 [DEBUG   ] blink: Blink: 95.3 ms, EAR=0.325
2026-05-14 04:53:33 [DEBUG   ] blink: Blink: 306.4 ms, EAR=0.336
2026-05-14 04:53:34 [DEBUG   ] blink: Blink: 237.1 ms, EAR=0.317
2026-05-14 04:53:35 [DEBUG   ] blink: Blink: 234.9 ms, EAR=0.317
2026-05-14 04:53:39 [DEBUG   ] blink: Blink: 95.8 ms, EAR=0.346
2026-05-14 04:53:40 [DEBUG   ] blink: Blink: 176.2 ms, EAR=0.338
2026-05-14 04:53:41 [INFO    ] blink: Camera released
2026-05-14 04:53:41 [INFO    ] blink: Session saved to DB
2026-05-14 04:53:41 [INFO    ] blink: Monitoring stopped
2026-05-14 04:53:43 [INFO    ] blink: History chart drawn with 3 sessions
2026-05-14 04:53:47 [INFO    ] blink: History chart drawn with 3 sessions
2026-05-14 04:53:51 [INFO    ] blink: History chart drawn with 3 sessions
2026-05-14 04:53:51 [INFO    ] blink: History chart drawn with 3 sessions
2026-05-14 04:53:52 [INFO    ] blink: History chart drawn with 3 sessions
2026-05-14 14:48:04 [INFO    ] blink: MainWindow initialised
2026-05-14 14:48:11 [INFO    ] blink: BlinkMonitor reset
2026-05-14 14:48:11 [INFO    ] blink: Monitoring started
2026-05-14 14:48:12 [INFO    ] blink: Camera 0 opened
2026-05-14 14:48:13 [DEBUG   ] blink: Blink: 58.3 ms, EAR=0.353
2026-05-14 14:48:14 [DEBUG   ] blink: Blink: 64.0 ms, EAR=0.330
2026-05-14 14:48:21 [DEBUG   ] blink: Blink: 63.3 ms, EAR=0.353
2026-05-14 14:48:21 [INFO    ] blink: Low blink rate notification: 18.0/min
2026-05-14 14:48:40 [DEBUG   ] blink: Blink: 94.9 ms, EAR=0.314
2026-05-14 14:48:41 [DEBUG   ] blink: Blink: 71.4 ms, EAR=0.323
2026-05-14 14:48:41 [INFO    ] blink: History chart drawn with 3 sessions
2026-05-14 14:48:42 [DEBUG   ] blink: Blink: 448.0 ms, EAR=0.374
2026-05-14 14:48:42 [DEBUG   ] blink: Blink: 371.4 ms, EAR=0.325
2026-05-14 14:48:43 [DEBUG   ] blink: Blink: 423.0 ms, EAR=0.317
2026-05-14 14:48:43 [DEBUG   ] blink: Blink: 241.1 ms, EAR=0.314
2026-05-14 14:48:44 [DEBUG   ] blink: Blink: 267.7 ms, EAR=0.337
2026-05-14 14:48:44 [DEBUG   ] blink: Blink: 64.7 ms, EAR=0.339
2026-05-14 14:48:45 [DEBUG   ] blink: Blink: 94.2 ms, EAR=0.316
2026-05-14 14:48:51 [DEBUG   ] blink: Blink: 178.1 ms, EAR=0.325
2026-05-14 14:48:51 [DEBUG   ] blink: Blink: 305.2 ms, EAR=0.328
2026-05-14 14:48:51 [DEBUG   ] blink: Blink: 97.5 ms, EAR=0.322
2026-05-14 14:48:52 [DEBUG   ] blink: Blink: 128.4 ms, EAR=0.314
2026-05-14 14:48:52 [DEBUG   ] blink: Blink: 63.8 ms, EAR=0.326
2026-05-14 14:49:11 [DEBUG   ] blink: Blink: 67.0 ms, EAR=0.324
2026-05-14 14:49:11 [DEBUG   ] blink: Blink: 334.5 ms, EAR=0.314
2026-05-14 14:49:15 [DEBUG   ] blink: Blink: 354.9 ms, EAR=0.316
2026-05-14 14:49:16 [DEBUG   ] blink: Blink: 65.5 ms, EAR=0.319
2026-05-14 14:49:18 [DEBUG   ] blink: Blink: 99.5 ms, EAR=0.354
2026-05-14 14:49:19 [DEBUG   ] blink: Blink: 81.1 ms, EAR=0.339
2026-05-14 14:49:21 [DEBUG   ] blink: Blink: 42.3 ms, EAR=0.347
2026-05-14 14:49:21 [DEBUG   ] blink: Blink: 91.3 ms, EAR=0.332
2026-05-14 14:49:23 [DEBUG   ] blink: Blink: 144.4 ms, EAR=0.353
2026-05-14 14:49:23 [INFO    ] blink: Camera released
2026-05-14 14:49:24 [INFO    ] blink: Session saved to DB
2026-05-14 14:49:24 [INFO    ] blink: Monitoring stopped
2026-05-14 14:49:24 [INFO    ] blink: EAR calibration started
2026-05-14 14:49:24 [INFO    ] blink: Camera 0 opened
2026-05-14 14:49:24 [DEBUG   ] blink: Blink: 938.1 ms, EAR=0.364
2026-05-14 14:49:24 [DEBUG   ] blink: Blink: 112.5 ms, EAR=0.333
2026-05-14 14:49:25 [DEBUG   ] blink: Blink: 47.4 ms, EAR=0.318
2026-05-14 14:49:26 [DEBUG   ] blink: Blink: 45.8 ms, EAR=0.319
2026-05-14 14:49:27 [DEBUG   ] blink: Blink: 166.7 ms, EAR=0.412
2026-05-14 14:49:29 [DEBUG   ] blink: Blink: 108.9 ms, EAR=0.317
2026-05-14 14:49:30 [DEBUG   ] blink: Blink: 97.3 ms, EAR=0.362
2026-05-14 14:49:31 [INFO    ] blink: Calibration done. mean EAR=0.393 → threshold=0.295
2026-05-14 14:49:31 [INFO    ] blink: Calibration dialog: threshold=0.295
2026-05-14 14:49:32 [INFO    ] blink: Camera released
2026-05-14 14:49:32 [INFO    ] blink: EAR threshold updated to 0.295
2026-05-14 14:49:32 [INFO    ] blink: BlinkMonitor reset
2026-05-14 14:49:32 [INFO    ] blink: Monitoring started
2026-05-14 14:49:32 [INFO    ] blink: Camera 0 opened
2026-05-14 14:49:36 [DEBUG   ] blink: Blink: 43.0 ms, EAR=0.337
2026-05-14 14:49:38 [DEBUG   ] blink: Blink: 76.1 ms, EAR=0.332
2026-05-14 14:49:42 [DEBUG   ] blink: Blink: 41.2 ms, EAR=0.317
2026-05-14 14:49:42 [INFO    ] blink: Low blink rate notification: 17.9/min
2026-05-14 14:49:46 [DEBUG   ] blink: Blink: 41.9 ms, EAR=0.326
2026-05-14 14:49:48 [DEBUG   ] blink: Blink: 45.3 ms, EAR=0.352
2026-05-14 14:49:54 [DEBUG   ] blink: Blink: 48.8 ms, EAR=0.317
2026-05-14 14:50:06 [DEBUG   ] blink: Blink: 200.1 ms, EAR=0.324
2026-05-14 14:50:08 [DEBUG   ] blink: Blink: 160.5 ms, EAR=0.300
2026-05-14 14:50:09 [DEBUG   ] blink: Blink: 206.9 ms, EAR=0.296
2026-05-14 14:50:09 [DEBUG   ] blink: Blink: 95.5 ms, EAR=0.315
2026-05-14 14:50:09 [DEBUG   ] blink: Blink: 62.1 ms, EAR=0.304
2026-05-14 14:50:10 [DEBUG   ] blink: Blink: 120.3 ms, EAR=0.314
2026-05-14 14:50:11 [DEBUG   ] blink: Blink: 47.2 ms, EAR=0.378
2026-05-14 15:56:17 [INFO    ] blink: MainWindow initialised
2026-08-24 05:55:24 [INFO    ] blink: MainWindow initialised
2026-08-24 05:57:08 [INFO    ] blink: MainWindow initialised
2026-08-24 05:58:51 [INFO    ] blink: Configuration updated via API.
2026-08-24 05:58:51 [INFO    ] blink: Low blink rate notification: 4.0/min
2026-08-24 05:58:51 [INFO    ] blink: Low blink rate notification: 4.0/min
2026-08-24 05:58:51 [INFO    ] blink: BlinkMonitor reset
2026-08-24 05:58:51 [INFO    ] blink: EAR calibration started
2026-08-24 05:58:51 [INFO    ] blink: Calibration done. mean EAR=0.300 → threshold=0.225
2026-08-24 05:58:51 [INFO    ] blink: EAR calibration started
2026-08-24 05:58:51 [WARNING ] blink: Not enough calibration frames — using default threshold
2026-08-24 06:01:46 [INFO    ] blink: Mounted frontend static files from C:\Users\Devansh Tyagi\Desktop\Projects\Blink\frontend\dist
2026-08-24 06:01:46 [INFO    ] blink: Configuration updated via API.
2026-08-24 06:01:46 [INFO    ] blink: Low blink rate notification: 4.0/min
2026-08-24 06:01:46 [INFO    ] blink: Low blink rate notification: 4.0/min
2026-08-24 06:01:46 [INFO    ] blink: BlinkMonitor reset
2026-08-24 06:01:46 [INFO    ] blink: EAR calibration started
2026-08-24 06:01:46 [INFO    ] blink: Calibration done. mean EAR=0.300 → threshold=0.225
2026-08-24 06:01:46 [INFO    ] blink: EAR calibration started
2026-08-24 06:01:46 [WARNING ] blink: Not enough calibration frames — using default threshold
2026-08-24 06:01:55 [INFO    ] blink: Mounted frontend static files from C:\Users\Devansh Tyagi\Desktop\Projects\Blink\frontend\dist
2026-08-24 06:01:55 [INFO    ] blink: Configuration updated via API.
2026-08-24 06:01:55 [INFO    ] blink: Low blink rate notification: 4.0/min
2026-08-24 06:01:55 [INFO    ] blink: Low blink rate notification: 4.0/min
2026-08-24 06:01:55 [INFO    ] blink: BlinkMonitor reset
2026-08-24 06:01:55 [INFO    ] blink: EAR calibration started
2026-08-24 06:01:55 [INFO    ] blink: Calibration done. mean EAR=0.300 → threshold=0.225
2026-08-24 06:01:55 [INFO    ] blink: EAR calibration started
2026-08-24 06:01:55 [WARNING ] blink: Not enough calibration frames — using default threshold
2026-08-24 06:02:14 [INFO    ] blink: Mounted frontend static files from C:\Users\Devansh Tyagi\Desktop\Projects\Blink\frontend\dist
2026-08-24 06:02:14 [INFO    ] blink: Starting Blink Server on http://127.0.0.1:8000
2026-08-24 06:02:15 [INFO    ] blink: Mounted frontend static files from C:\Users\Devansh Tyagi\Desktop\Projects\Blink\frontend\dist
2026-08-24 06:02:15 [INFO    ] blink: FastAPI Backend initialized.
2026-08-24 06:05:05 [INFO    ] blink: Mounted frontend static files from C:\Users\Devansh Tyagi\Desktop\Projects\Blink\frontend\dist
2026-08-24 06:05:05 [INFO    ] blink: Starting Blink Server on http://127.0.0.1:8000
2026-08-24 06:05:05 [INFO    ] blink: Mounted frontend static files from C:\Users\Devansh Tyagi\Desktop\Projects\Blink\frontend\dist
2026-08-24 06:05:05 [INFO    ] blink: FastAPI Backend initialized.
2026-08-24 06:05:33 [INFO    ] blink: Configuration updated via API.
2026-08-24 06:05:33 [INFO    ] blink: Low blink rate notification: 4.0/min
2026-08-24 06:05:33 [INFO    ] blink: Low blink rate notification: 4.0/min
2026-08-24 06:05:33 [INFO    ] blink: BlinkMonitor reset
2026-08-24 06:05:33 [INFO    ] blink: EAR calibration started
2026-08-24 06:05:33 [INFO    ] blink: Calibration done. mean EAR=0.300 → threshold=0.225
2026-08-24 06:05:33 [INFO    ] blink: EAR calibration started
2026-08-24 06:05:33 [WARNING ] blink: Not enough calibration frames — using default threshold
2026-08-24 06:05:38 [INFO    ] blink: Starting Blink Server on http://127.0.0.1:8000
2026-08-24 06:05:38 [INFO    ] blink: FastAPI Backend initialized.
2026-08-24 06:05:46 [INFO    ] blink: Starting Blink Server on http://127.0.0.1:8000
2026-08-24 06:05:46 [INFO    ] blink: FastAPI Backend initialized.
2026-08-24 06:07:47 [INFO    ] blink: Configuration updated via API.
2026-08-24 06:07:47 [INFO    ] blink: Low blink rate notification: 4.0/min
2026-08-24 06:07:47 [INFO    ] blink: Low blink rate notification: 4.0/min
2026-08-24 06:07:47 [INFO    ] blink: BlinkMonitor reset
2026-08-24 06:07:47 [INFO    ] blink: EAR calibration started
2026-08-24 06:07:47 [INFO    ] blink: Calibration done. mean EAR=0.300 → threshold=0.225
2026-08-24 06:07:47 [INFO    ] blink: EAR calibration started
2026-08-24 06:07:47 [WARNING ] blink: Not enough calibration frames — using default threshold
2026-08-24 06:07:54 [INFO    ] blink: Starting Blink Server on http://127.0.0.1:8000
2026-08-24 06:07:54 [INFO    ] blink: FastAPI Backend initialized.
2026-08-24 06:08:06 [INFO    ] blink: BlinkMonitor reset
2026-08-24 06:08:06 [INFO    ] blink: Monitoring started on camera 0
2026-08-24 06:08:15 [DEBUG   ] blink: Blink: 79.3 ms, EAR=0.297
2026-08-24 06:08:15 [DEBUG   ] blink: Blink: 72.7 ms, EAR=0.416
2026-08-24 06:08:16 [INFO    ] blink: Low blink rate notification: 12.0/min
2026-08-24 06:09:05 [DEBUG   ] blink: Blink: 93.9 ms, EAR=0.319
2026-08-24 06:09:09 [DEBUG   ] blink: Blink: 100.4 ms, EAR=0.399
2026-08-24 06:09:10 [DEBUG   ] blink: Blink: 87.3 ms, EAR=0.339
2026-08-24 06:09:10 [DEBUG   ] blink: Blink: 62.7 ms, EAR=0.255
2026-08-24 06:09:12 [DEBUG   ] blink: Blink: 63.7 ms, EAR=0.370
2026-08-24 06:09:15 [DEBUG   ] blink: Blink: 86.7 ms, EAR=0.320
2026-08-24 06:09:16 [INFO    ] blink: Low blink rate notification: 6.0/min
2026-08-24 06:10:16 [INFO    ] blink: Low blink rate notification: 0.0/min
2026-08-24 06:10:33 [DEBUG   ] blink: Blink: 95.3 ms, EAR=0.310
2026-08-24 06:11:04 [DEBUG   ] blink: Blink: 334.8 ms, EAR=0.262
2026-08-24 06:11:04 [DEBUG   ] blink: Blink: 103.8 ms, EAR=0.237
2026-08-24 06:11:05 [DEBUG   ] blink: Blink: 104.7 ms, EAR=0.307
2026-08-24 06:11:05 [DEBUG   ] blink: Blink: 63.9 ms, EAR=0.226
2026-08-24 06:11:16 [INFO    ] blink: Low blink rate notification: 5.0/min
2026-08-24 06:11:26 [INFO    ] blink: Starting Blink Server on http://127.0.0.1:8000
2026-08-24 06:11:26 [INFO    ] blink: FastAPI Backend initialized.
2026-08-24 06:12:57 [INFO    ] blink: BlinkMonitor reset
2026-08-24 06:12:59 [INFO    ] blink: High-speed monitoring started on camera 0
2026-08-24 06:13:00 [DEBUG   ] blink: Blink: 84.1 ms, EAR=0.404
2026-08-24 06:13:02 [DEBUG   ] blink: Blink: 99.9 ms, EAR=0.354
2026-08-24 06:13:03 [DEBUG   ] blink: Blink: 63.6 ms, EAR=0.294
2026-08-24 06:13:05 [DEBUG   ] blink: Blink: 57.9 ms, EAR=0.361
2026-08-24 06:13:05 [DEBUG   ] blink: Blink: 71.6 ms, EAR=0.343
2026-08-24 06:13:06 [DEBUG   ] blink: Blink: 98.8 ms, EAR=0.337
2026-08-24 06:13:06 [DEBUG   ] blink: Blink: 105.1 ms, EAR=0.342
2026-08-24 06:13:08 [DEBUG   ] blink: Blink: 123.2 ms, EAR=0.331
2026-08-24 06:13:10 [INFO    ] blink: Camera worker loop exited.
2026-08-24 06:13:10 [INFO    ] blink: Session persisted to database.
2026-08-24 06:13:10 [INFO    ] blink: Monitoring stopped.
2026-08-24 06:13:13 [INFO    ] blink: BlinkMonitor reset
2026-08-24 06:13:14 [INFO    ] blink: High-speed monitoring started on camera 0
2026-08-24 06:13:14 [INFO    ] blink: EAR calibration started
2026-08-24 06:13:14 [INFO    ] blink: Calibration started in camera service
2026-08-24 06:13:16 [DEBUG   ] blink: Blink: 94.1 ms, EAR=0.349
2026-08-24 06:13:21 [INFO    ] blink: Calibration done. mean EAR=0.435 → threshold=0.326
2026-08-24 06:13:21 [INFO    ] blink: Calibration completed with threshold 0.3264
2026-08-24 06:13:22 [DEBUG   ] blink: Blink: 61.8 ms, EAR=0.352
2026-08-24 06:13:23 [INFO    ] blink: Low blink rate notification: 12.0/min
2026-08-24 06:13:25 [DEBUG   ] blink: Blink: 280.8 ms, EAR=0.425
2026-08-24 06:14:02 [DEBUG   ] blink: Blink: 48.2 ms, EAR=0.329
2026-08-24 06:14:10 [DEBUG   ] blink: Blink: 73.8 ms, EAR=0.331
2026-08-24 06:14:11 [DEBUG   ] blink: Blink: 73.3 ms, EAR=0.358
2026-08-24 06:14:21 [DEBUG   ] blink: Blink: 106.1 ms, EAR=0.367
2026-08-24 06:14:22 [DEBUG   ] blink: Blink: 92.6 ms, EAR=0.353
2026-08-24 06:14:23 [INFO    ] blink: Low blink rate notification: 6.0/min
2026-08-24 06:14:32 [DEBUG   ] blink: Blink: 71.7 ms, EAR=0.368
2026-08-24 06:14:33 [DEBUG   ] blink: Blink: 72.8 ms, EAR=0.335
2026-08-24 06:14:39 [DEBUG   ] blink: Blink: 71.1 ms, EAR=0.367
2026-08-24 06:14:50 [DEBUG   ] blink: Blink: 146.0 ms, EAR=0.328
2026-08-24 06:14:54 [DEBUG   ] blink: Blink: 145.2 ms, EAR=0.362
2026-08-24 06:14:56 [DEBUG   ] blink: Blink: 818.2 ms, EAR=0.331
2026-08-24 06:15:01 [DEBUG   ] blink: Blink: 195.1 ms, EAR=0.349
2026-08-24 06:15:10 [DEBUG   ] blink: Blink: 99.4 ms, EAR=0.343
2026-08-24 06:15:12 [DEBUG   ] blink: Blink: 72.5 ms, EAR=0.333
2026-08-24 06:15:14 [DEBUG   ] blink: Blink: 98.1 ms, EAR=0.332
2026-08-24 06:15:21 [DEBUG   ] blink: Blink: 72.2 ms, EAR=0.347
2026-08-24 06:15:23 [INFO    ] blink: Low blink rate notification: 11.0/min
2026-08-24 06:15:32 [DEBUG   ] blink: Blink: 49.1 ms, EAR=0.371
2026-08-24 06:15:33 [DEBUG   ] blink: Blink: 146.6 ms, EAR=0.331
2026-08-24 06:15:43 [DEBUG   ] blink: Blink: 552.4 ms, EAR=0.331
2026-08-24 06:15:43 [DEBUG   ] blink: Blink: 72.7 ms, EAR=0.328
2026-08-24 06:15:47 [DEBUG   ] blink: Blink: 71.8 ms, EAR=0.332
2026-08-24 06:15:47 [DEBUG   ] blink: Blink: 191.3 ms, EAR=0.330
2026-08-24 06:15:47 [DEBUG   ] blink: Blink: 191.8 ms, EAR=0.330
2026-08-24 06:15:47 [DEBUG   ] blink: Blink: 73.6 ms, EAR=0.327
2026-08-24 06:15:47 [DEBUG   ] blink: Blink: 193.5 ms, EAR=0.336
2026-08-24 06:15:48 [DEBUG   ] blink: Blink: 409.5 ms, EAR=0.330
2026-08-24 06:15:48 [DEBUG   ] blink: Blink: 119.4 ms, EAR=0.329
2026-08-24 06:15:49 [DEBUG   ] blink: Blink: 165.8 ms, EAR=0.331
2026-08-24 06:15:49 [DEBUG   ] blink: Blink: 47.8 ms, EAR=0.340
2026-08-24 06:15:49 [DEBUG   ] blink: Blink: 121.6 ms, EAR=0.330
2026-08-24 06:15:49 [DEBUG   ] blink: Blink: 47.6 ms, EAR=0.330
2026-08-24 06:15:49 [DEBUG   ] blink: Blink: 72.7 ms, EAR=0.327
2026-08-24 06:15:50 [DEBUG   ] blink: Blink: 48.9 ms, EAR=0.327
2026-08-24 06:15:50 [DEBUG   ] blink: Blink: 48.2 ms, EAR=0.337
2026-08-24 06:15:51 [DEBUG   ] blink: Blink: 71.9 ms, EAR=0.338
2026-08-24 06:15:52 [DEBUG   ] blink: Blink: 73.3 ms, EAR=0.330
2026-08-24 06:15:53 [DEBUG   ] blink: Blink: 97.0 ms, EAR=0.332
2026-08-24 06:15:54 [DEBUG   ] blink: Blink: 168.1 ms, EAR=0.337
2026-08-24 06:15:55 [DEBUG   ] blink: Blink: 47.6 ms, EAR=0.335
2026-08-24 06:15:55 [DEBUG   ] blink: Blink: 48.1 ms, EAR=0.340
2026-08-24 06:15:56 [DEBUG   ] blink: Blink: 72.9 ms, EAR=0.331
2026-08-24 06:15:56 [DEBUG   ] blink: Blink: 96.0 ms, EAR=0.328
2026-08-24 06:15:56 [DEBUG   ] blink: Blink: 49.0 ms, EAR=0.334
2026-08-24 06:15:57 [DEBUG   ] blink: Blink: 484.3 ms, EAR=0.338
2026-08-24 06:15:57 [DEBUG   ] blink: Blink: 71.1 ms, EAR=0.341
2026-08-24 06:15:57 [DEBUG   ] blink: Blink: 72.4 ms, EAR=0.334
2026-08-24 06:15:57 [DEBUG   ] blink: Blink: 46.7 ms, EAR=0.328
2026-08-24 06:15:58 [DEBUG   ] blink: Blink: 47.6 ms, EAR=0.344
2026-08-24 06:16:00 [DEBUG   ] blink: Blink: 71.4 ms, EAR=0.337
2026-08-24 06:16:00 [DEBUG   ] blink: Blink: 218.0 ms, EAR=0.330
2026-08-24 06:16:00 [DEBUG   ] blink: Blink: 54.0 ms, EAR=0.341
2026-08-24 06:16:04 [DEBUG   ] blink: Blink: 71.0 ms, EAR=0.346
2026-08-24 06:16:08 [DEBUG   ] blink: Blink: 48.2 ms, EAR=0.336
2026-08-24 06:16:09 [DEBUG   ] blink: Blink: 97.7 ms, EAR=0.336
2026-08-24 06:16:23 [DEBUG   ] blink: Blink: 48.9 ms, EAR=0.335
2026-08-24 06:16:24 [DEBUG   ] blink: Blink: 146.9 ms, EAR=0.364
2026-08-24 06:16:25 [DEBUG   ] blink: Blink: 97.3 ms, EAR=0.339
2026-08-24 06:16:25 [DEBUG   ] blink: Blink: 96.7 ms, EAR=0.327
2026-08-24 06:16:25 [DEBUG   ] blink: Blink: 73.6 ms, EAR=0.335
2026-08-24 06:16:28 [DEBUG   ] blink: Blink: 119.6 ms, EAR=0.352
2026-08-24 06:16:29 [DEBUG   ] blink: Blink: 168.5 ms, EAR=0.344
2026-08-24 06:16:34 [DEBUG   ] blink: Blink: 265.1 ms, EAR=0.331
2026-08-24 06:16:39 [DEBUG   ] blink: Blink: 73.6 ms, EAR=0.336
2026-08-24 06:16:42 [DEBUG   ] blink: Blink: 194.0 ms, EAR=0.331
2026-08-24 06:16:42 [DEBUG   ] blink: Blink: 48.8 ms, EAR=0.342
2026-08-24 06:16:43 [DEBUG   ] blink: Blink: 172.8 ms, EAR=0.333
2026-08-24 06:16:53 [DEBUG   ] blink: Blink: 239.7 ms, EAR=0.350
2026-08-24 06:17:06 [DEBUG   ] blink: Blink: 49.2 ms, EAR=0.349
2026-08-24 06:17:11 [DEBUG   ] blink: Blink: 49.4 ms, EAR=0.343
2026-08-24 06:17:15 [DEBUG   ] blink: Blink: 119.0 ms, EAR=0.331
2026-08-24 06:17:17 [DEBUG   ] blink: Blink: 96.5 ms, EAR=0.368
2026-08-24 06:17:20 [DEBUG   ] blink: Blink: 100.3 ms, EAR=0.352
2026-08-24 06:17:24 [DEBUG   ] blink: Blink: 96.0 ms, EAR=0.339
2026-08-24 06:17:27 [DEBUG   ] blink: Blink: 120.0 ms, EAR=0.338
2026-08-24 06:17:29 [INFO    ] blink: Low blink rate notification: 13.0/min
2026-08-24 06:17:30 [DEBUG   ] blink: Blink: 96.0 ms, EAR=0.356
2026-08-24 06:18:29 [INFO    ] blink: Low blink rate notification: 1.0/min
2026-08-24 06:18:42 [DEBUG   ] blink: Blink: 51.9 ms, EAR=0.354
2026-08-24 06:18:43 [DEBUG   ] blink: Blink: 71.1 ms, EAR=0.327
2026-08-24 06:18:43 [DEBUG   ] blink: Blink: 71.0 ms, EAR=0.349
2026-08-24 06:18:43 [DEBUG   ] blink: Blink: 93.9 ms, EAR=0.331
2026-08-24 06:18:43 [DEBUG   ] blink: Blink: 71.5 ms, EAR=0.330
2026-08-24 06:19:29 [INFO    ] blink: Low blink rate notification: 5.0/min
2026-08-24 06:20:10 [DEBUG   ] blink: Blink: 194.9 ms, EAR=0.339
2026-08-24 06:20:13 [DEBUG   ] blink: Blink: 48.7 ms, EAR=0.332
2026-08-24 06:20:20 [DEBUG   ] blink: Blink: 219.1 ms, EAR=0.332
2026-08-24 06:20:25 [DEBUG   ] blink: Blink: 47.2 ms, EAR=0.333
2026-08-24 06:20:25 [DEBUG   ] blink: Blink: 97.2 ms, EAR=0.330
2026-08-24 06:20:26 [DEBUG   ] blink: Blink: 289.6 ms, EAR=0.344
2026-08-24 06:20:26 [DEBUG   ] blink: Blink: 47.9 ms, EAR=0.337
2026-08-24 06:20:26 [DEBUG   ] blink: Blink: 47.8 ms, EAR=0.327
2026-08-24 06:20:26 [DEBUG   ] blink: Blink: 120.3 ms, EAR=0.342
2026-08-24 06:20:29 [INFO    ] blink: Low blink rate notification: 9.0/min
2026-08-24 06:20:53 [DEBUG   ] blink: Blink: 223.2 ms, EAR=0.330
2026-08-24 06:21:13 [DEBUG   ] blink: Blink: 95.3 ms, EAR=0.373
2026-08-24 06:21:14 [DEBUG   ] blink: Blink: 92.8 ms, EAR=0.358
2026-08-24 06:21:15 [DEBUG   ] blink: Blink: 102.5 ms, EAR=0.342
2026-08-24 06:21:17 [DEBUG   ] blink: Blink: 58.8 ms, EAR=0.360
2026-08-24 06:21:17 [DEBUG   ] blink: Blink: 61.2 ms, EAR=0.336
2026-08-24 06:21:17 [DEBUG   ] blink: Blink: 133.1 ms, EAR=0.380
2026-08-24 06:21:18 [DEBUG   ] blink: Blink: 93.4 ms, EAR=0.335
2026-08-24 06:21:19 [DEBUG   ] blink: Blink: 80.8 ms, EAR=0.364
2026-08-24 06:21:19 [DEBUG   ] blink: Blink: 159.8 ms, EAR=0.343
2026-08-24 06:21:20 [DEBUG   ] blink: Blink: 154.4 ms, EAR=0.329
2026-08-24 06:21:21 [DEBUG   ] blink: Blink: 136.0 ms, EAR=0.327
2026-08-24 06:21:22 [DEBUG   ] blink: Blink: 62.6 ms, EAR=0.383
2026-08-24 06:21:23 [DEBUG   ] blink: Blink: 95.6 ms, EAR=0.343
2026-08-24 06:21:24 [DEBUG   ] blink: Blink: 157.7 ms, EAR=0.355
2026-08-24 06:21:25 [DEBUG   ] blink: Blink: 102.5 ms, EAR=0.334
2026-08-24 06:21:26 [DEBUG   ] blink: Blink: 61.6 ms, EAR=0.330
2026-08-24 06:21:26 [DEBUG   ] blink: Blink: 136.2 ms, EAR=0.354
2026-08-24 06:21:27 [DEBUG   ] blink: Blink: 235.7 ms, EAR=0.336
2026-08-24 06:21:27 [DEBUG   ] blink: Blink: 144.0 ms, EAR=0.345
2026-08-24 06:21:28 [DEBUG   ] blink: Blink: 128.2 ms, EAR=0.359
2026-08-24 06:21:28 [DEBUG   ] blink: Blink: 92.0 ms, EAR=0.356
2026-08-24 06:21:29 [DEBUG   ] blink: Blink: 92.4 ms, EAR=0.334
2026-08-24 06:21:30 [DEBUG   ] blink: Blink: 203.6 ms, EAR=0.373
2026-08-24 06:21:31 [DEBUG   ] blink: Blink: 112.5 ms, EAR=0.339
2026-08-24 06:21:31 [DEBUG   ] blink: Blink: 134.6 ms, EAR=0.354
2026-08-24 06:21:32 [DEBUG   ] blink: Blink: 247.0 ms, EAR=0.363
2026-08-24 06:21:33 [DEBUG   ] blink: Blink: 189.4 ms, EAR=0.363
2026-08-24 06:21:42 [DEBUG   ] blink: Blink: 49.6 ms, EAR=0.337
2026-08-24 06:21:43 [DEBUG   ] blink: Blink: 168.7 ms, EAR=0.343
2026-08-24 06:21:44 [DEBUG   ] blink: Blink: 265.5 ms, EAR=0.335
2026-08-24 06:21:45 [DEBUG   ] blink: Blink: 48.2 ms, EAR=0.337
2026-08-24 06:21:46 [DEBUG   ] blink: Blink: 71.4 ms, EAR=0.331
2026-08-24 06:21:48 [DEBUG   ] blink: Blink: 48.4 ms, EAR=0.333
2026-08-24 06:21:48 [DEBUG   ] blink: Blink: 341.1 ms, EAR=0.330
2026-08-24 06:21:48 [DEBUG   ] blink: Blink: 215.3 ms, EAR=0.333
2026-08-24 06:21:50 [DEBUG   ] blink: Blink: 314.2 ms, EAR=0.338
2026-08-24 06:21:51 [DEBUG   ] blink: Blink: 48.1 ms, EAR=0.334
2026-08-24 06:21:51 [DEBUG   ] blink: Blink: 96.0 ms, EAR=0.342
2026-08-24 06:21:51 [DEBUG   ] blink: Blink: 165.8 ms, EAR=0.327
2026-08-24 06:21:51 [DEBUG   ] blink: Blink: 48.2 ms, EAR=0.331
2026-08-24 06:21:59 [DEBUG   ] blink: Blink: 48.2 ms, EAR=0.351
2026-08-24 06:22:10 [DEBUG   ] blink: Blink: 121.1 ms, EAR=0.354
2026-08-24 06:22:12 [DEBUG   ] blink: Blink: 97.6 ms, EAR=0.360
2026-08-24 06:22:14 [DEBUG   ] blink: Blink: 122.2 ms, EAR=0.363
2026-08-24 06:22:16 [DEBUG   ] blink: Blink: 119.0 ms, EAR=0.327
2026-08-24 06:22:16 [DEBUG   ] blink: Blink: 48.5 ms, EAR=0.342
2026-08-24 06:22:18 [DEBUG   ] blink: Blink: 127.1 ms, EAR=0.331
2026-08-24 06:22:20 [DEBUG   ] blink: Blink: 49.5 ms, EAR=0.359
2026-08-24 06:22:23 [DEBUG   ] blink: Blink: 97.2 ms, EAR=0.365
2026-08-24 06:22:25 [DEBUG   ] blink: Blink: 123.2 ms, EAR=0.340
2026-08-24 06:22:28 [DEBUG   ] blink: Blink: 251.7 ms, EAR=0.335
2026-08-24 06:22:36 [DEBUG   ] blink: Blink: 76.7 ms, EAR=0.334
2026-08-24 06:22:37 [DEBUG   ] blink: Blink: 51.7 ms, EAR=0.341
2026-08-24 06:22:41 [DEBUG   ] blink: Blink: 156.5 ms, EAR=0.345
2026-08-24 06:22:41 [DEBUG   ] blink: Blink: 103.8 ms, EAR=0.337
2026-08-24 06:22:42 [DEBUG   ] blink: Blink: 267.2 ms, EAR=0.334
2026-08-24 06:22:43 [DEBUG   ] blink: Blink: 103.2 ms, EAR=0.329
2026-08-24 06:22:43 [DEBUG   ] blink: Blink: 78.5 ms, EAR=0.329
2026-08-24 06:22:43 [DEBUG   ] blink: Blink: 55.8 ms, EAR=0.356
2026-08-24 06:22:43 [DEBUG   ] blink: Blink: 234.7 ms, EAR=0.347
2026-08-24 06:22:46 [DEBUG   ] blink: Blink: 388.0 ms, EAR=0.359
2026-08-24 06:22:57 [INFO    ] blink: Starting Blink Server on http://127.0.0.1:8000
2026-08-24 06:22:57 [INFO    ] blink: FastAPI Backend initialized.
2026-08-24 06:23:14 [INFO    ] blink: BlinkMonitor reset
2026-08-24 06:23:16 [INFO    ] blink: High-speed monitoring started on camera 0
2026-08-24 06:23:17 [DEBUG   ] blink: Blink: 103.8 ms, EAR=0.346
2026-08-24 06:23:18 [DEBUG   ] blink: Blink: 126.9 ms, EAR=0.372
2026-08-24 06:23:20 [DEBUG   ] blink: Blink: 109.0 ms, EAR=0.358
2026-08-24 06:23:21 [DEBUG   ] blink: Blink: 84.3 ms, EAR=0.348
2026-08-24 06:23:22 [DEBUG   ] blink: Blink: 35.5 ms, EAR=0.349
2026-08-24 06:23:23 [DEBUG   ] blink: Blink: 156.3 ms, EAR=0.347
2026-08-24 06:23:24 [DEBUG   ] blink: Blink: 181.2 ms, EAR=0.370
2026-08-24 06:23:25 [DEBUG   ] blink: Blink: 107.2 ms, EAR=0.345
2026-08-24 06:23:26 [DEBUG   ] blink: Blink: 109.3 ms, EAR=0.346
2026-08-24 06:23:27 [DEBUG   ] blink: Blink: 98.4 ms, EAR=0.387
2026-08-24 06:23:29 [DEBUG   ] blink: Blink: 100.7 ms, EAR=0.340
2026-08-24 06:23:38 [DEBUG   ] blink: Blink: 62.5 ms, EAR=0.365
2026-08-24 06:23:44 [DEBUG   ] blink: Blink: 142.5 ms, EAR=0.366
2026-08-24 06:23:48 [DEBUG   ] blink: Blink: 94.4 ms, EAR=0.329
2026-08-24 06:24:00 [DEBUG   ] blink: Blink: 106.0 ms, EAR=0.337
2026-08-24 06:24:01 [DEBUG   ] blink: Blink: 188.8 ms, EAR=0.394
2026-08-24 06:24:01 [DEBUG   ] blink: Blink: 239.6 ms, EAR=0.358
2026-08-24 06:24:01 [DEBUG   ] blink: Blink: 202.3 ms, EAR=0.387
2026-08-24 06:24:03 [DEBUG   ] blink: Blink: 121.7 ms, EAR=0.327
2026-08-24 06:24:03 [DEBUG   ] blink: Blink: 184.3 ms, EAR=0.346
2026-08-24 06:24:04 [DEBUG   ] blink: Blink: 41.6 ms, EAR=0.409
2026-08-24 06:24:04 [DEBUG   ] blink: Blink: 111.8 ms, EAR=0.384
2026-08-24 06:24:05 [DEBUG   ] blink: Blink: 100.3 ms, EAR=0.361
2026-08-24 06:24:05 [DEBUG   ] blink: Blink: 90.2 ms, EAR=0.356
2026-08-24 06:24:06 [DEBUG   ] blink: Blink: 210.8 ms, EAR=0.359
2026-08-24 06:24:06 [DEBUG   ] blink: Blink: 194.7 ms, EAR=0.399
2026-08-24 06:24:07 [DEBUG   ] blink: Blink: 125.1 ms, EAR=0.351
2026-08-24 06:24:07 [DEBUG   ] blink: Blink: 106.8 ms, EAR=0.367
2026-08-24 06:24:08 [DEBUG   ] blink: Blink: 166.3 ms, EAR=0.349
2026-08-24 06:24:10 [DEBUG   ] blink: Blink: 261.7 ms, EAR=0.344
2026-08-24 06:24:12 [DEBUG   ] blink: Blink: 230.0 ms, EAR=0.376
2026-08-24 06:24:13 [DEBUG   ] blink: Blink: 80.6 ms, EAR=0.346
2026-08-24 06:24:15 [DEBUG   ] blink: Blink: 35.2 ms, EAR=0.385
2026-08-24 06:24:16 [DEBUG   ] blink: Blink: 115.9 ms, EAR=0.340
2026-08-24 06:24:16 [DEBUG   ] blink: Blink: 109.3 ms, EAR=0.339
2026-08-24 06:24:17 [DEBUG   ] blink: Blink: 207.0 ms, EAR=0.355
2026-08-24 06:24:18 [DEBUG   ] blink: Blink: 330.1 ms, EAR=0.328
2026-08-24 06:24:18 [DEBUG   ] blink: Blink: 185.3 ms, EAR=0.343
2026-08-24 06:24:19 [DEBUG   ] blink: Blink: 157.5 ms, EAR=0.347
2026-08-24 06:24:21 [DEBUG   ] blink: Blink: 97.9 ms, EAR=0.362
2026-08-24 06:24:22 [DEBUG   ] blink: Blink: 99.9 ms, EAR=0.329
2026-08-24 06:24:23 [DEBUG   ] blink: Blink: 31.2 ms, EAR=0.380
2026-08-24 06:24:24 [DEBUG   ] blink: Blink: 135.3 ms, EAR=0.337
2026-08-24 06:24:25 [DEBUG   ] blink: Blink: 150.1 ms, EAR=0.350
2026-08-24 06:24:25 [DEBUG   ] blink: Blink: 740.3 ms, EAR=0.349
2026-08-24 06:24:30 [DEBUG   ] blink: Blink: 180.1 ms, EAR=0.329
2026-08-24 06:24:30 [DEBUG   ] blink: Blink: 262.6 ms, EAR=0.360
2026-08-24 06:24:31 [DEBUG   ] blink: Blink: 63.9 ms, EAR=0.336
2026-08-24 06:24:32 [DEBUG   ] blink: Blink: 31.1 ms, EAR=0.367
2026-08-24 06:24:35 [DEBUG   ] blink: Blink: 71.7 ms, EAR=0.348
2026-08-24 06:24:39 [DEBUG   ] blink: Blink: 64.9 ms, EAR=0.361
2026-08-24 06:24:43 [DEBUG   ] blink: Blink: 61.5 ms, EAR=0.335
2026-08-24 06:24:44 [DEBUG   ] blink: Blink: 114.4 ms, EAR=0.366
2026-08-24 06:24:51 [DEBUG   ] blink: Blink: 237.3 ms, EAR=0.327
2026-08-24 06:24:51 [DEBUG   ] blink: Blink: 44.3 ms, EAR=0.332
2026-08-24 06:24:51 [DEBUG   ] blink: Blink: 40.0 ms, EAR=0.336
2026-08-24 06:24:53 [DEBUG   ] blink: Blink: 113.1 ms, EAR=0.335
